Initializing system components at global scope...
Initializing Embedder...
Warning: You are sending unauthenticated requests to the HF Hub. Please set a HF_TOKEN to enable higher rate limits and faster downloads.
Loading weights:   0%|          | 0/103 [00:00<?, ?it/s]Loading weights: 100%|██████████| 103/103 [00:00<00:00, 2259.41it/s]
[1mBertModel LOAD REPORT[0m from: sentence-transformers/all-MiniLM-L6-v2
Key                     | Status     |  | 
------------------------+------------+--+-
embeddings.position_ids | UNEXPECTED |  | 

[3mNotes:
- UNEXPECTED[3m	:can be ignored when loading from different task/architecture; not ok if you expect identical arch.[0m
Loading raw embeddings...
Building FAISS index...
Added 17829 embeddings to FAISS index.
Building BM25 index...
BM25 index built with 17829 documents.
Loading Fuzzy Clusterer...
Initializing Router...
Loading Memberships...
Initializing Hybrid Retriever...
Initializing Cache...
System components initialized successfully!
INFO:     Started server process [92097]
INFO:     Waiting for application startup.
INFO:     Application startup complete.
INFO:     Uvicorn running on http://0.0.0.0:8000 (Press CTRL+C to quit)
INFO:     127.0.0.1:57109 - "GET /cache/stats HTTP/1.1" 200 OK
./run_server.sh: line 2: 92097 Killed: 9               /Library/Frameworks/Python.framework/Versions/3.11/bin/python3.11 -m uvicorn api.main:app --host 0.0.0.0 --port 8000
/Library/Frameworks/Python.framework/Versions/3.11/lib/python3.11/multiprocessing/resource_tracker.py:224: UserWarning: resource_tracker: There appear to be 1 leaked semaphore objects to clean up at shutdown
  warnings.warn('resource_tracker: There appear to be %d '
